Archive member included because of file (symbol)

C:/MinGW/bin/../lib/gcc/mingw32/5.1.0/../../../libmingw32.a(tlssup.o)
                              C:/MinGW/bin/../lib/gcc/mingw32/5.1.0/../../../crt2.o (__dyn_tls_init_callback)
C:/MinGW/bin/../lib/gcc/mingw32/5.1.0/../../../libmingw32.a(CRTglob.o)
                              C:/MinGW/bin/../lib/gcc/mingw32/5.1.0/../../../crt2.o (_CRT_glob)
C:/MinGW/bin/../lib/gcc/mingw32/5.1.0/../../../libmingw32.a(CRTfmode.o)
                              C:/MinGW/bin/../lib/gcc/mingw32/5.1.0/../../../crt2.o (_CRT_fmode)
C:/MinGW/bin/../lib/gcc/mingw32/5.1.0/../../../libmingw32.a(txtmode.o)
                              C:/MinGW/bin/../lib/gcc/mingw32/5.1.0/../../../crt2.o (_fmode)
C:/MinGW/bin/../lib/gcc/mingw32/5.1.0/../../../libmingw32.a(cpu_features.o)
                              C:/MinGW/bin/../lib/gcc/mingw32/5.1.0/../../../crt2.o (__cpu_features_init)
C:/MinGW/bin/../lib/gcc/mingw32/5.1.0/../../../libmingw32.a(CRT_fp10.o)
                              C:/MinGW/bin/../lib/gcc/mingw32/5.1.0/../../../crt2.o (_fpreset)
C:/MinGW/bin/../lib/gcc/mingw32/5.1.0/../../../libmingw32.a(pseudo-reloc.o)
                              C:/MinGW/bin/../lib/gcc/mingw32/5.1.0/../../../crt2.o (_pei386_runtime_relocator)
C:/MinGW/bin/../lib/gcc/mingw32/5.1.0/../../../libmingw32.a(gccmain.o)
                              C:/MinGW/bin/../lib/gcc/mingw32/5.1.0/../../../crt2.o (__main)
C:/MinGW/bin/../lib/gcc/mingw32/5.1.0/../../../libmingw32.a(crtst.o)
                              C:/MinGW/bin/../lib/gcc/mingw32/5.1.0/../../../libmingw32.a(tlssup.o) (_CRT_MT)
C:/MinGW/bin/../lib/gcc/mingw32/5.1.0/../../../libmingw32.a(tlsthrd.o)
                              C:/MinGW/bin/../lib/gcc/mingw32/5.1.0/../../../libmingw32.a(tlssup.o) (__mingw_TLScallback)
C:/MinGW/bin/../lib/gcc/mingw32/5.1.0/../../../libmingw32.a(pseudo-reloc-list.o)
                              C:/MinGW/bin/../lib/gcc/mingw32/5.1.0/../../../libmingw32.a(pseudo-reloc.o) (__RUNTIME_PSEUDO_RELOC_LIST__)
C:/MinGW/bin/../lib/gcc/mingw32/5.1.0/libgcc.a(_ctors.o)
                              C:/MinGW/bin/../lib/gcc/mingw32/5.1.0/../../../libmingw32.a(gccmain.o) (__DTOR_LIST__)
C:/MinGW/bin/../lib/gcc/mingw32/5.1.0/../../../libmsvcrt.a(dsnos00266.o)
                              C:/MinGW/bin/../lib/gcc/mingw32/5.1.0/../../../crt2.o (_imp___iob)
C:/MinGW/bin/../lib/gcc/mingw32/5.1.0/../../../libmsvcrt.a(dsnos00099.o)
                              C:/MinGW/bin/../lib/gcc/mingw32/5.1.0/../../../crt2.o (_imp____set_app_type)
C:/MinGW/bin/../lib/gcc/mingw32/5.1.0/../../../libmsvcrt.a(dsnos00590.o)
                              C:/MinGW/bin/../lib/gcc/mingw32/5.1.0/../../../crt2.o (_imp__atexit)
C:/MinGW/bin/../lib/gcc/mingw32/5.1.0/../../../libmsvcrt.a(dsnos00383.o)
                              C:/MinGW/bin/../lib/gcc/mingw32/5.1.0/../../../crt2.o (_imp___onexit)
C:/MinGW/bin/../lib/gcc/mingw32/5.1.0/../../../libmsvcrt.a(dsnos00055.o)
                              C:/MinGW/bin/../lib/gcc/mingw32/5.1.0/../../../crt2.o (__getmainargs)
C:/MinGW/bin/../lib/gcc/mingw32/5.1.0/../../../libmsvcrt.a(dsnos00426.o)
                              C:/MinGW/bin/../lib/gcc/mingw32/5.1.0/../../../crt2.o (_setmode)
C:/MinGW/bin/../lib/gcc/mingw32/5.1.0/../../../libmsvcrt.a(dsnos00079.o)
                              C:/MinGW/bin/../lib/gcc/mingw32/5.1.0/../../../crt2.o (__p__fmode)
C:/MinGW/bin/../lib/gcc/mingw32/5.1.0/../../../libmsvcrt.a(dsnos00077.o)
                              C:/MinGW/bin/../lib/gcc/mingw32/5.1.0/../../../crt2.o (__p__environ)
C:/MinGW/bin/../lib/gcc/mingw32/5.1.0/../../../libmsvcrt.a(dsnos00147.o)
                              C:/MinGW/bin/../lib/gcc/mingw32/5.1.0/../../../crt2.o (_cexit)
C:/MinGW/bin/../lib/gcc/mingw32/5.1.0/../../../libmsvcrt.a(dsnos00706.o)
                              C:/MinGW/bin/../lib/gcc/mingw32/5.1.0/../../../crt2.o (signal)
C:/MinGW/bin/../lib/gcc/mingw32/5.1.0/../../../libmsvcrt.a(dsnos00692.o)
                              func1.o (puts)
C:/MinGW/bin/../lib/gcc/mingw32/5.1.0/../../../libmsvcrt.a(dsnos00689.o)
                              func2.o (printf)
C:/MinGW/bin/../lib/gcc/mingw32/5.1.0/../../../libmsvcrt.a(dsnos00633.o)
                              C:/MinGW/bin/../lib/gcc/mingw32/5.1.0/../../../libmingw32.a(pseudo-reloc.o) (fwrite)
C:/MinGW/bin/../lib/gcc/mingw32/5.1.0/../../../libmsvcrt.a(dsnos00748.o)
                              C:/MinGW/bin/../lib/gcc/mingw32/5.1.0/../../../libmingw32.a(pseudo-reloc.o) (vfprintf)
C:/MinGW/bin/../lib/gcc/mingw32/5.1.0/../../../libmsvcrt.a(dsnos00583.o)
                              C:/MinGW/bin/../lib/gcc/mingw32/5.1.0/../../../libmingw32.a(pseudo-reloc.o) (abort)
C:/MinGW/bin/../lib/gcc/mingw32/5.1.0/../../../libmsvcrt.a(dsnos00682.o)
                              C:/MinGW/bin/../lib/gcc/mingw32/5.1.0/../../../libmingw32.a(pseudo-reloc.o) (memcpy)
C:/MinGW/bin/../lib/gcc/mingw32/5.1.0/../../../libmsvcrt.a(dsnos00595.o)
                              C:/MinGW/bin/../lib/gcc/mingw32/5.1.0/../../../libmingw32.a(tlsthrd.o) (calloc)
C:/MinGW/bin/../lib/gcc/mingw32/5.1.0/../../../libmsvcrt.a(dsnos00625.o)
                              C:/MinGW/bin/../lib/gcc/mingw32/5.1.0/../../../libmingw32.a(tlsthrd.o) (free)
C:/MinGW/bin/../lib/gcc/mingw32/5.1.0/../../../libmsvcrt.a(dsnoh.o)
                              C:/MinGW/bin/../lib/gcc/mingw32/5.1.0/../../../libmsvcrt.a(dsnos00266.o) (_head_libmsvcrt_a)
C:/MinGW/bin/../lib/gcc/mingw32/5.1.0/../../../libmsvcrt.a(dsnot.o)
                              C:/MinGW/bin/../lib/gcc/mingw32/5.1.0/../../../libmsvcrt.a(dsnoh.o) (_libmsvcrt_a_iname)
C:/MinGW/bin/../lib/gcc/mingw32/5.1.0/../../../libkernel32.a(dchds01140.o)
                              C:/MinGW/bin/../lib/gcc/mingw32/5.1.0/../../../crt2.o (SetUnhandledExceptionFilter@4)
C:/MinGW/bin/../lib/gcc/mingw32/5.1.0/../../../libkernel32.a(dchds00279.o)
                              C:/MinGW/bin/../lib/gcc/mingw32/5.1.0/../../../crt2.o (ExitProcess@4)
C:/MinGW/bin/../lib/gcc/mingw32/5.1.0/../../../libkernel32.a(dchds00529.o)
                              C:/MinGW/bin/../lib/gcc/mingw32/5.1.0/crtbegin.o (GetModuleHandleA@4)
C:/MinGW/bin/../lib/gcc/mingw32/5.1.0/../../../libkernel32.a(dchds00577.o)
                              C:/MinGW/bin/../lib/gcc/mingw32/5.1.0/crtbegin.o (GetProcAddress@8)
C:/MinGW/bin/../lib/gcc/mingw32/5.1.0/../../../libkernel32.a(dchds01215.o)
                              C:/MinGW/bin/../lib/gcc/mingw32/5.1.0/../../../libmingw32.a(pseudo-reloc.o) (VirtualQuery@12)
C:/MinGW/bin/../lib/gcc/mingw32/5.1.0/../../../libkernel32.a(dchds01213.o)
                              C:/MinGW/bin/../lib/gcc/mingw32/5.1.0/../../../libmingw32.a(pseudo-reloc.o) (VirtualProtect@16)
C:/MinGW/bin/../lib/gcc/mingw32/5.1.0/../../../libkernel32.a(dchds00236.o)
                              C:/MinGW/bin/../lib/gcc/mingw32/5.1.0/../../../libmingw32.a(tlsthrd.o) (EnterCriticalSection@4)
C:/MinGW/bin/../lib/gcc/mingw32/5.1.0/../../../libkernel32.a(dchds01173.o)
                              C:/MinGW/bin/../lib/gcc/mingw32/5.1.0/../../../libmingw32.a(tlsthrd.o) (TlsGetValue@4)
C:/MinGW/bin/../lib/gcc/mingw32/5.1.0/../../../libkernel32.a(dchds00510.o)
                              C:/MinGW/bin/../lib/gcc/mingw32/5.1.0/../../../libmingw32.a(tlsthrd.o) (GetLastError@0)
C:/MinGW/bin/../lib/gcc/mingw32/5.1.0/../../../libkernel32.a(dchds00814.o)
                              C:/MinGW/bin/../lib/gcc/mingw32/5.1.0/../../../libmingw32.a(tlsthrd.o) (LeaveCriticalSection@4)
C:/MinGW/bin/../lib/gcc/mingw32/5.1.0/../../../libkernel32.a(dchds00207.o)
                              C:/MinGW/bin/../lib/gcc/mingw32/5.1.0/../../../libmingw32.a(tlsthrd.o) (DeleteCriticalSection@4)
C:/MinGW/bin/../lib/gcc/mingw32/5.1.0/../../../libkernel32.a(dchds00734.o)
                              C:/MinGW/bin/../lib/gcc/mingw32/5.1.0/../../../libmingw32.a(tlsthrd.o) (InitializeCriticalSection@4)
C:/MinGW/bin/../lib/gcc/mingw32/5.1.0/../../../libkernel32.a(dchdh.o)
                              C:/MinGW/bin/../lib/gcc/mingw32/5.1.0/../../../libkernel32.a(dchds01140.o) (_head_libkernel32_a)
C:/MinGW/bin/../lib/gcc/mingw32/5.1.0/../../../libkernel32.a(dchdt.o)
                              C:/MinGW/bin/../lib/gcc/mingw32/5.1.0/../../../libkernel32.a(dchdh.o) (_libkernel32_a_iname)

Allocating common symbols
Common symbol       size              file

__DTOR_LIST__       0x8               C:/MinGW/bin/../lib/gcc/mingw32/5.1.0/libgcc.a(_ctors.o)
__CTOR_LIST__       0x8               C:/MinGW/bin/../lib/gcc/mingw32/5.1.0/libgcc.a(_ctors.o)

Discarded input sections

 .drectve       0x00000000       0x3c C:/MinGW/bin/../lib/gcc/mingw32/5.1.0/libgcc.a(_ctors.o)
 .text          0x00000000        0x8 C:/MinGW/bin/../lib/gcc/mingw32/5.1.0/../../../libmsvcrt.a(dsnos00099.o)

Memory Configuration

Name             Origin             Length             Attributes
*default*        0x00000000         0xffffffff

Linker script and memory map

                0x00400000                __image_base__ = 0x400000
                0x00000000                __dll__ = 0x0
                0x00400000                ___ImageBase = 0x400000
                0x00001000                __section_alignment__ = 0x1000
                0x00000200                __file_alignment__ = 0x200
                0x00000004                __major_os_version__ = 0x4
                0x00000000                __minor_os_version__ = 0x0
                0x00000001                __major_image_version__ = 0x1
                0x00000000                __minor_image_version__ = 0x0
                0x00000004                __major_subsystem_version__ = 0x4
                0x00000000                __minor_subsystem_version__ = 0x0
                0x00000003                __subsystem__ = 0x3
                0x00200000                __size_of_stack_reserve__ = 0x200000
                0x00001000                __size_of_stack_commit__ = 0x1000
                0x00100000                __size_of_heap_reserve__ = 0x100000
                0x00001000                __size_of_heap_commit__ = 0x1000
                0x00000000                __loader_flags__ = 0x0
                0x00000000                __dll_characteristics__ = 0x0
LOAD C:/MinGW/bin/../lib/gcc/mingw32/5.1.0/../../../crt2.o
LOAD C:/MinGW/bin/../lib/gcc/mingw32/5.1.0/crtbegin.o
LOAD main.o
LOAD func1.o
LOAD func2.o
LOAD C:/MinGW/bin/../lib/gcc/mingw32/5.1.0/../../../libmingw32.a
LOAD C:/MinGW/bin/../lib/gcc/mingw32/5.1.0/libgcc.a
LOAD C:/MinGW/bin/../lib/gcc/mingw32/5.1.0/../../../libmoldname.a
LOAD C:/MinGW/bin/../lib/gcc/mingw32/5.1.0/../../../libmingwex.a
LOAD C:/MinGW/bin/../lib/gcc/mingw32/5.1.0/../../../libmsvcrt.a
LOAD C:/MinGW/bin/../lib/gcc/mingw32/5.1.0/../../../libpthread.a
LOAD C:/MinGW/bin/../lib/gcc/mingw32/5.1.0/../../../libadvapi32.a
LOAD C:/MinGW/bin/../lib/gcc/mingw32/5.1.0/../../../libshell32.a
LOAD C:/MinGW/bin/../lib/gcc/mingw32/5.1.0/../../../libuser32.a
LOAD C:/MinGW/bin/../lib/gcc/mingw32/5.1.0/../../../libkernel32.a
LOAD C:/MinGW/bin/../lib/gcc/mingw32/5.1.0/../../../libmingw32.a
LOAD C:/MinGW/bin/../lib/gcc/mingw32/5.1.0/libgcc.a
LOAD C:/MinGW/bin/../lib/gcc/mingw32/5.1.0/../../../libmoldname.a
LOAD C:/MinGW/bin/../lib/gcc/mingw32/5.1.0/../../../libmingwex.a
LOAD C:/MinGW/bin/../lib/gcc/mingw32/5.1.0/../../../libmsvcrt.a
LOAD C:/MinGW/bin/../lib/gcc/mingw32/5.1.0/crtend.o
                0x00000358                . = SIZEOF_HEADERS
                0x00001000                . = ALIGN (__section_alignment__)

.text           0x00401000      0xe00
 *(.init)
 *(.text)
 .text          0x00401000      0x2e0 C:/MinGW/bin/../lib/gcc/mingw32/5.1.0/../../../crt2.o
                0x00401280                mainCRTStartup
                0x004012a0                WinMainCRTStartup
                0x004012c0                atexit
                0x004012d0                _onexit
 .text          0x004012e0       0x70 C:/MinGW/bin/../lib/gcc/mingw32/5.1.0/crtbegin.o
                0x004012e0                __gcc_register_frame
                0x00401340                __gcc_deregister_frame
 .text          0x00401350       0x1c main.o
                0x00401350                main
 .text          0x0040136c       0x18 func1.o
                0x0040136c                pfunc1
 .text          0x00401384       0x18 func2.o
                0x00401384                pfunc2
 *fill*         0x0040139c        0x4 
 .text          0x004013a0       0xf0 C:/MinGW/bin/../lib/gcc/mingw32/5.1.0/../../../libmingw32.a(tlssup.o)
                0x004013f0                __dyn_tls_init@12
                0x00401480                __tlregdtor
 .text          0x00401490        0x0 C:/MinGW/bin/../lib/gcc/mingw32/5.1.0/../../../libmingw32.a(CRTglob.o)
 .text          0x00401490        0x0 C:/MinGW/bin/../lib/gcc/mingw32/5.1.0/../../../libmingw32.a(CRTfmode.o)
 .text          0x00401490        0x0 C:/MinGW/bin/../lib/gcc/mingw32/5.1.0/../../../libmingw32.a(txtmode.o)
 .text          0x00401490       0xe0 C:/MinGW/bin/../lib/gcc/mingw32/5.1.0/../../../libmingw32.a(cpu_features.o)
                0x00401490                __cpu_features_init
 .text          0x00401570       0x10 C:/MinGW/bin/../lib/gcc/mingw32/5.1.0/../../../libmingw32.a(CRT_fp10.o)
                0x00401570                fpreset
                0x00401570                _fpreset
 .text          0x00401580      0x350 C:/MinGW/bin/../lib/gcc/mingw32/5.1.0/../../../libmingw32.a(pseudo-reloc.o)
                0x004016f0                _pei386_runtime_relocator
 .text          0x004018d0       0xa0 C:/MinGW/bin/../lib/gcc/mingw32/5.1.0/../../../libmingw32.a(gccmain.o)
                0x004018d0                __do_global_dtors
                0x00401900                __do_global_ctors
                0x00401950                __main
 .text          0x00401970        0x0 C:/MinGW/bin/../lib/gcc/mingw32/5.1.0/../../../libmingw32.a(crtst.o)
 .text          0x00401970      0x220 C:/MinGW/bin/../lib/gcc/mingw32/5.1.0/../../../libmingw32.a(tlsthrd.o)
                0x004019d0                ___w64_mingwthr_add_key_dtor
                0x00401a60                ___w64_mingwthr_remove_key_dtor
                0x00401af0                __mingw_TLScallback
 .text          0x00401b90        0x0 C:/MinGW/bin/../lib/gcc/mingw32/5.1.0/../../../libmingw32.a(pseudo-reloc-list.o)
 .text          0x00401b90        0x0 C:/MinGW/bin/../lib/gcc/mingw32/5.1.0/libgcc.a(_ctors.o)
 .text          0x00401b90        0x0 C:/MinGW/bin/../lib/gcc/mingw32/5.1.0/../../../libmsvcrt.a(dsnos00266.o)
 .text          0x00401b90        0x0 C:/MinGW/bin/../lib/gcc/mingw32/5.1.0/../../../libmsvcrt.a(dsnos00590.o)
 .text          0x00401b90        0x0 C:/MinGW/bin/../lib/gcc/mingw32/5.1.0/../../../libmsvcrt.a(dsnos00383.o)
 .text          0x00401b90        0x8 C:/MinGW/bin/../lib/gcc/mingw32/5.1.0/../../../libmsvcrt.a(dsnos00055.o)
                0x00401b90                __getmainargs
 .text          0x00401b98        0x8 C:/MinGW/bin/../lib/gcc/mingw32/5.1.0/../../../libmsvcrt.a(dsnos00426.o)
                0x00401b98                _setmode
 .text          0x00401ba0        0x8 C:/MinGW/bin/../lib/gcc/mingw32/5.1.0/../../../libmsvcrt.a(dsnos00079.o)
                0x00401ba0                __p__fmode
 .text          0x00401ba8        0x8 C:/MinGW/bin/../lib/gcc/mingw32/5.1.0/../../../libmsvcrt.a(dsnos00077.o)
                0x00401ba8                __p__environ
 .text          0x00401bb0        0x8 C:/MinGW/bin/../lib/gcc/mingw32/5.1.0/../../../libmsvcrt.a(dsnos00147.o)
                0x00401bb0                _cexit
 .text          0x00401bb8        0x8 C:/MinGW/bin/../lib/gcc/mingw32/5.1.0/../../../libmsvcrt.a(dsnos00706.o)
                0x00401bb8                signal
 .text          0x00401bc0        0x8 C:/MinGW/bin/../lib/gcc/mingw32/5.1.0/../../../libmsvcrt.a(dsnos00692.o)
                0x00401bc0                puts
 .text          0x00401bc8        0x8 C:/MinGW/bin/../lib/gcc/mingw32/5.1.0/../../../libmsvcrt.a(dsnos00689.o)
                0x00401bc8                printf
 .text          0x00401bd0        0x8 C:/MinGW/bin/../lib/gcc/mingw32/5.1.0/../../../libmsvcrt.a(dsnos00633.o)
                0x00401bd0                fwrite
 .text          0x00401bd8        0x8 C:/MinGW/bin/../lib/gcc/mingw32/5.1.0/../../../libmsvcrt.a(dsnos00748.o)
                0x00401bd8                vfprintf
 .text          0x00401be0        0x8 C:/MinGW/bin/../lib/gcc/mingw32/5.1.0/../../../libmsvcrt.a(dsnos00583.o)
                0x00401be0                abort
 .text          0x00401be8        0x8 C:/MinGW/bin/../lib/gcc/mingw32/5.1.0/../../../libmsvcrt.a(dsnos00682.o)
                0x00401be8                memcpy
 .text          0x00401bf0        0x8 C:/MinGW/bin/../lib/gcc/mingw32/5.1.0/../../../libmsvcrt.a(dsnos00595.o)
                0x00401bf0                calloc
 .text          0x00401bf8        0x8 C:/MinGW/bin/../lib/gcc/mingw32/5.1.0/../../../libmsvcrt.a(dsnos00625.o)
                0x00401bf8                free
 .text          0x00401c00        0x0 C:/MinGW/bin/../lib/gcc/mingw32/5.1.0/../../../libmsvcrt.a(dsnoh.o)
 .text          0x00401c00        0x0 C:/MinGW/bin/../lib/gcc/mingw32/5.1.0/../../../libmsvcrt.a(dsnot.o)
 .text          0x00401c00        0x8 C:/MinGW/bin/../lib/gcc/mingw32/5.1.0/../../../libkernel32.a(dchds01140.o)
                0x00401c00                SetUnhandledExceptionFilter@4
 .text          0x00401c08        0x8 C:/MinGW/bin/../lib/gcc/mingw32/5.1.0/../../../libkernel32.a(dchds00279.o)
                0x00401c08                ExitProcess@4
 .text          0x00401c10        0x8 C:/MinGW/bin/../lib/gcc/mingw32/5.1.0/../../../libkernel32.a(dchds00529.o)
                0x00401c10                GetModuleHandleA@4
 .text          0x00401c18        0x8 C:/MinGW/bin/../lib/gcc/mingw32/5.1.0/../../../libkernel32.a(dchds00577.o)
                0x00401c18                GetProcAddress@8
 .text          0x00401c20        0x8 C:/MinGW/bin/../lib/gcc/mingw32/5.1.0/../../../libkernel32.a(dchds01215.o)
                0x00401c20                VirtualQuery@12
 .text          0x00401c28        0x8 C:/MinGW/bin/../lib/gcc/mingw32/5.1.0/../../../libkernel32.a(dchds01213.o)
                0x00401c28                VirtualProtect@16
 .text          0x00401c30        0x8 C:/MinGW/bin/../lib/gcc/mingw32/5.1.0/../../../libkernel32.a(dchds00236.o)
                0x00401c30                EnterCriticalSection@4
 .text          0x00401c38        0x8 C:/MinGW/bin/../lib/gcc/mingw32/5.1.0/../../../libkernel32.a(dchds01173.o)
                0x00401c38                TlsGetValue@4
 .text          0x00401c40        0x8 C:/MinGW/bin/../lib/gcc/mingw32/5.1.0/../../../libkernel32.a(dchds00510.o)
                0x00401c40                GetLastError@0
 .text          0x00401c48        0x8 C:/MinGW/bin/../lib/gcc/mingw32/5.1.0/../../../libkernel32.a(dchds00814.o)
                0x00401c48                LeaveCriticalSection@4
 .text          0x00401c50        0x8 C:/MinGW/bin/../lib/gcc/mingw32/5.1.0/../../../libkernel32.a(dchds00207.o)
                0x00401c50                DeleteCriticalSection@4
 .text          0x00401c58        0x8 C:/MinGW/bin/../lib/gcc/mingw32/5.1.0/../../../libkernel32.a(dchds00734.o)
                0x00401c58                InitializeCriticalSection@4
 .text          0x00401c60        0x0 C:/MinGW/bin/../lib/gcc/mingw32/5.1.0/../../../libkernel32.a(dchdh.o)
 .text          0x00401c60        0x0 C:/MinGW/bin/../lib/gcc/mingw32/5.1.0/../../../libkernel32.a(dchdt.o)
 .text          0x00401c60        0x0 C:/MinGW/bin/../lib/gcc/mingw32/5.1.0/crtend.o
 *(SORT(.text$*))
 *(.text.*)
 .text.unlikely
                0x00401c60        0x0 C:/MinGW/bin/../lib/gcc/mingw32/5.1.0/crtbegin.o
 .text.unlikely
                0x00401c60        0x0 C:/MinGW/bin/../lib/gcc/mingw32/5.1.0/crtend.o
 .text.startup  0x00401c60       0x10 C:/MinGW/bin/../lib/gcc/mingw32/5.1.0/crtend.o
 *(.gnu.linkonce.t.*)
 *(.glue_7t)
 *(.glue_7)
                0x00401c70                ___CTOR_LIST__ = .
                0x00401c70                __CTOR_LIST__ = .
                0x00401c70        0x4 LONG 0xffffffff
 *(.ctors)
 *(.ctor)
 *(SORT(.ctors.*))
 .ctors.65535   0x00401c74        0x4 C:/MinGW/bin/../lib/gcc/mingw32/5.1.0/crtend.o
                0x00401c78        0x4 LONG 0x0
                0x00401c7c                ___DTOR_LIST__ = .
                0x00401c7c                __DTOR_LIST__ = .
                0x00401c7c        0x4 LONG 0xffffffff
 *(.dtors)
 *(.dtor)
 *(SORT(.dtors.*))
                0x00401c80        0x4 LONG 0x0
 *(.fini)
 *(.gcc_exc)
                0x00401c84                PROVIDE (etext, .)
                0x00401c84                PROVIDE (_etext, .)
 *(.gcc_except_table)

.data           0x00402000      0x200
                0x00402000                __data_start__ = .
 *(.data)
 .data          0x00402000        0x0 C:/MinGW/bin/../lib/gcc/mingw32/5.1.0/../../../crt2.o
 .data          0x00402000        0x0 C:/MinGW/bin/../lib/gcc/mingw32/5.1.0/crtbegin.o
 .data          0x00402000        0x0 main.o
 .data          0x00402000        0x0 func1.o
 .data          0x00402000        0x0 func2.o
 .data          0x00402000        0x0 C:/MinGW/bin/../lib/gcc/mingw32/5.1.0/../../../libmingw32.a(tlssup.o)
 .data          0x00402000        0x4 C:/MinGW/bin/../lib/gcc/mingw32/5.1.0/../../../libmingw32.a(CRTglob.o)
                0x00402000                _CRT_glob
 .data          0x00402004        0x0 C:/MinGW/bin/../lib/gcc/mingw32/5.1.0/../../../libmingw32.a(CRTfmode.o)
 .data          0x00402004        0x4 C:/MinGW/bin/../lib/gcc/mingw32/5.1.0/../../../libmingw32.a(txtmode.o)
                0x00402004                _fmode
 .data          0x00402008        0x0 C:/MinGW/bin/../lib/gcc/mingw32/5.1.0/../../../libmingw32.a(cpu_features.o)
 .data          0x00402008        0x0 C:/MinGW/bin/../lib/gcc/mingw32/5.1.0/../../../libmingw32.a(CRT_fp10.o)
 .data          0x00402008        0x0 C:/MinGW/bin/../lib/gcc/mingw32/5.1.0/../../../libmingw32.a(pseudo-reloc.o)
 .data          0x00402008        0x4 C:/MinGW/bin/../lib/gcc/mingw32/5.1.0/../../../libmingw32.a(gccmain.o)
 .data          0x0040200c        0x0 C:/MinGW/bin/../lib/gcc/mingw32/5.1.0/../../../libmingw32.a(crtst.o)
 .data          0x0040200c        0x0 C:/MinGW/bin/../lib/gcc/mingw32/5.1.0/../../../libmingw32.a(tlsthrd.o)
 .data          0x0040200c        0x0 C:/MinGW/bin/../lib/gcc/mingw32/5.1.0/../../../libmingw32.a(pseudo-reloc-list.o)
 .data          0x0040200c        0x0 C:/MinGW/bin/../lib/gcc/mingw32/5.1.0/libgcc.a(_ctors.o)
 .data          0x0040200c        0x0 C:/MinGW/bin/../lib/gcc/mingw32/5.1.0/../../../libmsvcrt.a(dsnos00266.o)
 .data          0x0040200c        0x0 C:/MinGW/bin/../lib/gcc/mingw32/5.1.0/../../../libmsvcrt.a(dsnos00099.o)
 .data          0x0040200c        0x0 C:/MinGW/bin/../lib/gcc/mingw32/5.1.0/../../../libmsvcrt.a(dsnos00590.o)
 .data          0x0040200c        0x0 C:/MinGW/bin/../lib/gcc/mingw32/5.1.0/../../../libmsvcrt.a(dsnos00383.o)
 .data          0x0040200c        0x0 C:/MinGW/bin/../lib/gcc/mingw32/5.1.0/../../../libmsvcrt.a(dsnos00055.o)
 .data          0x0040200c        0x0 C:/MinGW/bin/../lib/gcc/mingw32/5.1.0/../../../libmsvcrt.a(dsnos00426.o)
 .data          0x0040200c        0x0 C:/MinGW/bin/../lib/gcc/mingw32/5.1.0/../../../libmsvcrt.a(dsnos00079.o)
 .data          0x0040200c        0x0 C:/MinGW/bin/../lib/gcc/mingw32/5.1.0/../../../libmsvcrt.a(dsnos00077.o)
 .data          0x0040200c        0x0 C:/MinGW/bin/../lib/gcc/mingw32/5.1.0/../../../libmsvcrt.a(dsnos00147.o)
 .data          0x0040200c        0x0 C:/MinGW/bin/../lib/gcc/mingw32/5.1.0/../../../libmsvcrt.a(dsnos00706.o)
 .data          0x0040200c        0x0 C:/MinGW/bin/../lib/gcc/mingw32/5.1.0/../../../libmsvcrt.a(dsnos00692.o)
 .data          0x0040200c        0x0 C:/MinGW/bin/../lib/gcc/mingw32/5.1.0/../../../libmsvcrt.a(dsnos00689.o)
 .data          0x0040200c        0x0 C:/MinGW/bin/../lib/gcc/mingw32/5.1.0/../../../libmsvcrt.a(dsnos00633.o)
 .data          0x0040200c        0x0 C:/MinGW/bin/../lib/gcc/mingw32/5.1.0/../../../libmsvcrt.a(dsnos00748.o)
 .data          0x0040200c        0x0 C:/MinGW/bin/../lib/gcc/mingw32/5.1.0/../../../libmsvcrt.a(dsnos00583.o)
 .data          0x0040200c        0x0 C:/MinGW/bin/../lib/gcc/mingw32/5.1.0/../../../libmsvcrt.a(dsnos00682.o)
 .data          0x0040200c        0x0 C:/MinGW/bin/../lib/gcc/mingw32/5.1.0/../../../libmsvcrt.a(dsnos00595.o)
 .data          0x0040200c        0x0 C:/MinGW/bin/../lib/gcc/mingw32/5.1.0/../../../libmsvcrt.a(dsnos00625.o)
 .data          0x0040200c        0x0 C:/MinGW/bin/../lib/gcc/mingw32/5.1.0/../../../libmsvcrt.a(dsnoh.o)
 .data          0x0040200c        0x0 C:/MinGW/bin/../lib/gcc/mingw32/5.1.0/../../../libmsvcrt.a(dsnot.o)
 .data          0x0040200c        0x0 C:/MinGW/bin/../lib/gcc/mingw32/5.1.0/../../../libkernel32.a(dchds01140.o)
 .data          0x0040200c        0x0 C:/MinGW/bin/../lib/gcc/mingw32/5.1.0/../../../libkernel32.a(dchds00279.o)
 .data          0x0040200c        0x0 C:/MinGW/bin/../lib/gcc/mingw32/5.1.0/../../../libkernel32.a(dchds00529.o)
 .data          0x0040200c        0x0 C:/MinGW/bin/../lib/gcc/mingw32/5.1.0/../../../libkernel32.a(dchds00577.o)
 .data          0x0040200c        0x0 C:/MinGW/bin/../lib/gcc/mingw32/5.1.0/../../../libkernel32.a(dchds01215.o)
 .data          0x0040200c        0x0 C:/MinGW/bin/../lib/gcc/mingw32/5.1.0/../../../libkernel32.a(dchds01213.o)
 .data          0x0040200c        0x0 C:/MinGW/bin/../lib/gcc/mingw32/5.1.0/../../../libkernel32.a(dchds00236.o)
 .data          0x0040200c        0x0 C:/MinGW/bin/../lib/gcc/mingw32/5.1.0/../../../libkernel32.a(dchds01173.o)
 .data          0x0040200c        0x0 C:/MinGW/bin/../lib/gcc/mingw32/5.1.0/../../../libkernel32.a(dchds00510.o)
 .data          0x0040200c        0x0 C:/MinGW/bin/../lib/gcc/mingw32/5.1.0/../../../libkernel32.a(dchds00814.o)
 .data          0x0040200c        0x0 C:/MinGW/bin/../lib/gcc/mingw32/5.1.0/../../../libkernel32.a(dchds00207.o)
 .data          0x0040200c        0x0 C:/MinGW/bin/../lib/gcc/mingw32/5.1.0/../../../libkernel32.a(dchds00734.o)
 .data          0x0040200c        0x0 C:/MinGW/bin/../lib/gcc/mingw32/5.1.0/../../../libkernel32.a(dchdh.o)
 .data          0x0040200c        0x0 C:/MinGW/bin/../lib/gcc/mingw32/5.1.0/../../../libkernel32.a(dchdt.o)
 .data          0x0040200c        0x0 C:/MinGW/bin/../lib/gcc/mingw32/5.1.0/crtend.o
 *(.data2)
 *(SORT(.data$*))
 *(.jcr)
 .jcr           0x0040200c        0x0 C:/MinGW/bin/../lib/gcc/mingw32/5.1.0/crtbegin.o
 .jcr           0x0040200c        0x4 C:/MinGW/bin/../lib/gcc/mingw32/5.1.0/crtend.o
                0x00402010                __data_end__ = .
 *(.data_cygwin_nocopy)

.rdata          0x00403000      0x200
 *(.rdata)
 .rdata         0x00403000       0x24 C:/MinGW/bin/../lib/gcc/mingw32/5.1.0/crtbegin.o
 .rdata         0x00403024        0x8 func1.o
 .rdata         0x0040302c        0x8 func2.o
 .rdata         0x00403034        0x4 C:/MinGW/bin/../lib/gcc/mingw32/5.1.0/../../../libmingw32.a(tlssup.o)
                0x00403034                __dyn_tls_init_callback
 .rdata         0x00403038       0xac C:/MinGW/bin/../lib/gcc/mingw32/5.1.0/../../../libmingw32.a(pseudo-reloc.o)
 *(SORT(.rdata$*))
 .rdata$zzz     0x004030e4       0x14 C:/MinGW/bin/../lib/gcc/mingw32/5.1.0/crtbegin.o
 .rdata$zzz     0x004030f8       0x14 main.o
 .rdata$zzz     0x0040310c       0x14 func1.o
 .rdata$zzz     0x00403120       0x14 func2.o
 .rdata$zzz     0x00403134       0x14 C:/MinGW/bin/../lib/gcc/mingw32/5.1.0/libgcc.a(_ctors.o)
 .rdata$zzz     0x00403148       0x14 C:/MinGW/bin/../lib/gcc/mingw32/5.1.0/crtend.o
                0x0040315c                __rt_psrelocs_start = .
 *(.rdata_runtime_pseudo_reloc)
                0x0040315c                __rt_psrelocs_end = .
                0x00000000                __rt_psrelocs_size = (__rt_psrelocs_end - __rt_psrelocs_start)
                0x0040315c                ___RUNTIME_PSEUDO_RELOC_LIST_END__ = .
                0x0040315c                __RUNTIME_PSEUDO_RELOC_LIST_END__ = .
                0x0040315c                ___RUNTIME_PSEUDO_RELOC_LIST__ = (. - __rt_psrelocs_size)
                0x0040315c                __RUNTIME_PSEUDO_RELOC_LIST__ = (. - __rt_psrelocs_size)

.eh_frame       0x00404000      0x400
 *(.eh_frame*)
 .eh_frame      0x00404000       0xb8 C:/MinGW/bin/../lib/gcc/mingw32/5.1.0/../../../crt2.o
 .eh_frame      0x004040b8       0x88 C:/MinGW/bin/../lib/gcc/mingw32/5.1.0/../../../libmingw32.a(tlssup.o)
 .eh_frame      0x00404140       0x38 C:/MinGW/bin/../lib/gcc/mingw32/5.1.0/../../../libmingw32.a(cpu_features.o)
 .eh_frame      0x00404178       0x2c C:/MinGW/bin/../lib/gcc/mingw32/5.1.0/../../../libmingw32.a(CRT_fp10.o)
 .eh_frame      0x004041a4       0x9c C:/MinGW/bin/../lib/gcc/mingw32/5.1.0/../../../libmingw32.a(pseudo-reloc.o)
 .eh_frame      0x00404240       0x68 C:/MinGW/bin/../lib/gcc/mingw32/5.1.0/../../../libmingw32.a(gccmain.o)
 .eh_frame      0x004042a8       0xf8 C:/MinGW/bin/../lib/gcc/mingw32/5.1.0/../../../libmingw32.a(tlsthrd.o)

.pdata
 *(.pdata)

.bss            0x00405000       0x60
                0x00405000                __bss_start__ = .
 *(.bss)
 .bss           0x00405000        0x8 C:/MinGW/bin/../lib/gcc/mingw32/5.1.0/../../../crt2.o
                0x00405000                _argv
                0x00405004                _argc
 .bss           0x00405008        0x0 C:/MinGW/bin/../lib/gcc/mingw32/5.1.0/crtbegin.o
 .bss           0x00405008        0x0 main.o
 .bss           0x00405008        0x0 func1.o
 .bss           0x00405008        0x0 func2.o
 .bss           0x00405008       0x10 C:/MinGW/bin/../lib/gcc/mingw32/5.1.0/../../../libmingw32.a(tlssup.o)
                0x00405008                mingw_initltssuo_force
                0x0040500c                mingw_initltsdyn_force
                0x00405010                mingw_initltsdrot_force
                0x00405014                _tls_index
 .bss           0x00405018        0x0 C:/MinGW/bin/../lib/gcc/mingw32/5.1.0/../../../libmingw32.a(CRTglob.o)
 .bss           0x00405018        0x4 C:/MinGW/bin/../lib/gcc/mingw32/5.1.0/../../../libmingw32.a(CRTfmode.o)
                0x00405018                _CRT_fmode
 .bss           0x0040501c        0x0 C:/MinGW/bin/../lib/gcc/mingw32/5.1.0/../../../libmingw32.a(txtmode.o)
 .bss           0x0040501c        0x4 C:/MinGW/bin/../lib/gcc/mingw32/5.1.0/../../../libmingw32.a(cpu_features.o)
                0x0040501c                __cpu_features
 .bss           0x00405020        0x0 C:/MinGW/bin/../lib/gcc/mingw32/5.1.0/../../../libmingw32.a(CRT_fp10.o)
 .bss           0x00405020        0x4 C:/MinGW/bin/../lib/gcc/mingw32/5.1.0/../../../libmingw32.a(pseudo-reloc.o)
 .bss           0x00405024        0x4 C:/MinGW/bin/../lib/gcc/mingw32/5.1.0/../../../libmingw32.a(gccmain.o)
 .bss           0x00405028        0x4 C:/MinGW/bin/../lib/gcc/mingw32/5.1.0/../../../libmingw32.a(crtst.o)
                0x00405028                _CRT_MT
 .bss           0x0040502c       0x20 C:/MinGW/bin/../lib/gcc/mingw32/5.1.0/../../../libmingw32.a(tlsthrd.o)
 .bss           0x0040504c        0x4 C:/MinGW/bin/../lib/gcc/mingw32/5.1.0/../../../libmingw32.a(pseudo-reloc-list.o)
 .bss           0x00405050        0x0 C:/MinGW/bin/../lib/gcc/mingw32/5.1.0/libgcc.a(_ctors.o)
 .bss           0x00405050        0x0 C:/MinGW/bin/../lib/gcc/mingw32/5.1.0/../../../libmsvcrt.a(dsnos00266.o)
 .bss           0x00405050        0x0 C:/MinGW/bin/../lib/gcc/mingw32/5.1.0/../../../libmsvcrt.a(dsnos00099.o)
 .bss           0x00405050        0x0 C:/MinGW/bin/../lib/gcc/mingw32/5.1.0/../../../libmsvcrt.a(dsnos00590.o)
 .bss           0x00405050        0x0 C:/MinGW/bin/../lib/gcc/mingw32/5.1.0/../../../libmsvcrt.a(dsnos00383.o)
 .bss           0x00405050        0x0 C:/MinGW/bin/../lib/gcc/mingw32/5.1.0/../../../libmsvcrt.a(dsnos00055.o)
 .bss           0x00405050        0x0 C:/MinGW/bin/../lib/gcc/mingw32/5.1.0/../../../libmsvcrt.a(dsnos00426.o)
 .bss           0x00405050        0x0 C:/MinGW/bin/../lib/gcc/mingw32/5.1.0/../../../libmsvcrt.a(dsnos00079.o)
 .bss           0x00405050        0x0 C:/MinGW/bin/../lib/gcc/mingw32/5.1.0/../../../libmsvcrt.a(dsnos00077.o)
 .bss           0x00405050        0x0 C:/MinGW/bin/../lib/gcc/mingw32/5.1.0/../../../libmsvcrt.a(dsnos00147.o)
 .bss           0x00405050        0x0 C:/MinGW/bin/../lib/gcc/mingw32/5.1.0/../../../libmsvcrt.a(dsnos00706.o)
 .bss           0x00405050        0x0 C:/MinGW/bin/../lib/gcc/mingw32/5.1.0/../../../libmsvcrt.a(dsnos00692.o)
 .bss           0x00405050        0x0 C:/MinGW/bin/../lib/gcc/mingw32/5.1.0/../../../libmsvcrt.a(dsnos00689.o)
 .bss           0x00405050        0x0 C:/MinGW/bin/../lib/gcc/mingw32/5.1.0/../../../libmsvcrt.a(dsnos00633.o)
 .bss           0x00405050        0x0 C:/MinGW/bin/../lib/gcc/mingw32/5.1.0/../../../libmsvcrt.a(dsnos00748.o)
 .bss           0x00405050        0x0 C:/MinGW/bin/../lib/gcc/mingw32/5.1.0/../../../libmsvcrt.a(dsnos00583.o)
 .bss           0x00405050        0x0 C:/MinGW/bin/../lib/gcc/mingw32/5.1.0/../../../libmsvcrt.a(dsnos00682.o)
 .bss           0x00405050        0x0 C:/MinGW/bin/../lib/gcc/mingw32/5.1.0/../../../libmsvcrt.a(dsnos00595.o)
 .bss           0x00405050        0x0 C:/MinGW/bin/../lib/gcc/mingw32/5.1.0/../../../libmsvcrt.a(dsnos00625.o)
 .bss           0x00405050        0x0 C:/MinGW/bin/../lib/gcc/mingw32/5.1.0/../../../libmsvcrt.a(dsnoh.o)
 .bss           0x00405050        0x0 C:/MinGW/bin/../lib/gcc/mingw32/5.1.0/../../../libmsvcrt.a(dsnot.o)
 .bss           0x00405050        0x0 C:/MinGW/bin/../lib/gcc/mingw32/5.1.0/../../../libkernel32.a(dchds01140.o)
 .bss           0x00405050        0x0 C:/MinGW/bin/../lib/gcc/mingw32/5.1.0/../../../libkernel32.a(dchds00279.o)
 .bss           0x00405050        0x0 C:/MinGW/bin/../lib/gcc/mingw32/5.1.0/../../../libkernel32.a(dchds00529.o)
 .bss           0x00405050        0x0 C:/MinGW/bin/../lib/gcc/mingw32/5.1.0/../../../libkernel32.a(dchds00577.o)
 .bss           0x00405050        0x0 C:/MinGW/bin/../lib/gcc/mingw32/5.1.0/../../../libkernel32.a(dchds01215.o)
 .bss           0x00405050        0x0 C:/MinGW/bin/../lib/gcc/mingw32/5.1.0/../../../libkernel32.a(dchds01213.o)
 .bss           0x00405050        0x0 C:/MinGW/bin/../lib/gcc/mingw32/5.1.0/../../../libkernel32.a(dchds00236.o)
 .bss           0x00405050        0x0 C:/MinGW/bin/../lib/gcc/mingw32/5.1.0/../../../libkernel32.a(dchds01173.o)
 .bss           0x00405050        0x0 C:/MinGW/bin/../lib/gcc/mingw32/5.1.0/../../../libkernel32.a(dchds00510.o)
 .bss           0x00405050        0x0 C:/MinGW/bin/../lib/gcc/mingw32/5.1.0/../../../libkernel32.a(dchds00814.o)
 .bss           0x00405050        0x0 C:/MinGW/bin/../lib/gcc/mingw32/5.1.0/../../../libkernel32.a(dchds00207.o)
 .bss           0x00405050        0x0 C:/MinGW/bin/../lib/gcc/mingw32/5.1.0/../../../libkernel32.a(dchds00734.o)
 .bss           0x00405050        0x0 C:/MinGW/bin/../lib/gcc/mingw32/5.1.0/../../../libkernel32.a(dchdh.o)
 .bss           0x00405050        0x0 C:/MinGW/bin/../lib/gcc/mingw32/5.1.0/../../../libkernel32.a(dchdt.o)
 .bss           0x00405050        0x0 C:/MinGW/bin/../lib/gcc/mingw32/5.1.0/crtend.o
 *(COMMON)
 COMMON         0x00405050       0x10 C:/MinGW/bin/../lib/gcc/mingw32/5.1.0/libgcc.a(_ctors.o)
                0x00405060                __bss_end__ = .

.edata
 *(.edata)

/DISCARD/
 *(.debug$S)
 *(.debug$T)
 *(.debug$F)
 *(.drectve)
 *(.note.GNU-stack)
 *(.gnu.lto_*)

.idata          0x00406000      0x400
 SORT(*)(.idata$2)
 .idata$2       0x00406000       0x14 C:/MinGW/bin/../lib/gcc/mingw32/5.1.0/../../../libkernel32.a(dchdh.o)
                0x00406000                _head_libkernel32_a
 .idata$2       0x00406014       0x14 C:/MinGW/bin/../lib/gcc/mingw32/5.1.0/../../../libmsvcrt.a(dsnoh.o)
                0x00406014                _head_libmsvcrt_a
 SORT(*)(.idata$3)
                0x00406028        0x4 LONG 0x0
                0x0040602c        0x4 LONG 0x0
                0x00406030        0x4 LONG 0x0
                0x00406034        0x4 LONG 0x0
                0x00406038        0x4 LONG 0x0
 SORT(*)(.idata$4)
 .idata$4       0x0040603c        0x0 C:/MinGW/bin/../lib/gcc/mingw32/5.1.0/../../../libkernel32.a(dchdh.o)
 .idata$4       0x0040603c        0x4 C:/MinGW/bin/../lib/gcc/mingw32/5.1.0/../../../libkernel32.a(dchds00207.o)
 .idata$4       0x00406040        0x4 C:/MinGW/bin/../lib/gcc/mingw32/5.1.0/../../../libkernel32.a(dchds00236.o)
 .idata$4       0x00406044        0x4 C:/MinGW/bin/../lib/gcc/mingw32/5.1.0/../../../libkernel32.a(dchds00279.o)
 .idata$4       0x00406048        0x4 C:/MinGW/bin/../lib/gcc/mingw32/5.1.0/../../../libkernel32.a(dchds00510.o)
 .idata$4       0x0040604c        0x4 C:/MinGW/bin/../lib/gcc/mingw32/5.1.0/../../../libkernel32.a(dchds00529.o)
 .idata$4       0x00406050        0x4 C:/MinGW/bin/../lib/gcc/mingw32/5.1.0/../../../libkernel32.a(dchds00577.o)
 .idata$4       0x00406054        0x4 C:/MinGW/bin/../lib/gcc/mingw32/5.1.0/../../../libkernel32.a(dchds00734.o)
 .idata$4       0x00406058        0x4 C:/MinGW/bin/../lib/gcc/mingw32/5.1.0/../../../libkernel32.a(dchds00814.o)
 .idata$4       0x0040605c        0x4 C:/MinGW/bin/../lib/gcc/mingw32/5.1.0/../../../libkernel32.a(dchds01140.o)
 .idata$4       0x00406060        0x4 C:/MinGW/bin/../lib/gcc/mingw32/5.1.0/../../../libkernel32.a(dchds01173.o)
 .idata$4       0x00406064        0x4 C:/MinGW/bin/../lib/gcc/mingw32/5.1.0/../../../libkernel32.a(dchds01213.o)
 .idata$4       0x00406068        0x4 C:/MinGW/bin/../lib/gcc/mingw32/5.1.0/../../../libkernel32.a(dchds01215.o)
 .idata$4       0x0040606c        0x4 C:/MinGW/bin/../lib/gcc/mingw32/5.1.0/../../../libkernel32.a(dchdt.o)
 .idata$4       0x00406070        0x0 C:/MinGW/bin/../lib/gcc/mingw32/5.1.0/../../../libmsvcrt.a(dsnoh.o)
 .idata$4       0x00406070        0x4 C:/MinGW/bin/../lib/gcc/mingw32/5.1.0/../../../libmsvcrt.a(dsnos00055.o)
 .idata$4       0x00406074        0x4 C:/MinGW/bin/../lib/gcc/mingw32/5.1.0/../../../libmsvcrt.a(dsnos00077.o)
 .idata$4       0x00406078        0x4 C:/MinGW/bin/../lib/gcc/mingw32/5.1.0/../../../libmsvcrt.a(dsnos00079.o)
 .idata$4       0x0040607c        0x4 C:/MinGW/bin/../lib/gcc/mingw32/5.1.0/../../../libmsvcrt.a(dsnos00099.o)
 .idata$4       0x00406080        0x4 C:/MinGW/bin/../lib/gcc/mingw32/5.1.0/../../../libmsvcrt.a(dsnos00147.o)
 .idata$4       0x00406084        0x4 C:/MinGW/bin/../lib/gcc/mingw32/5.1.0/../../../libmsvcrt.a(dsnos00266.o)
 .idata$4       0x00406088        0x4 C:/MinGW/bin/../lib/gcc/mingw32/5.1.0/../../../libmsvcrt.a(dsnos00383.o)
 .idata$4       0x0040608c        0x4 C:/MinGW/bin/../lib/gcc/mingw32/5.1.0/../../../libmsvcrt.a(dsnos00426.o)
 .idata$4       0x00406090        0x4 C:/MinGW/bin/../lib/gcc/mingw32/5.1.0/../../../libmsvcrt.a(dsnos00583.o)
 .idata$4       0x00406094        0x4 C:/MinGW/bin/../lib/gcc/mingw32/5.1.0/../../../libmsvcrt.a(dsnos00590.o)
 .idata$4       0x00406098        0x4 C:/MinGW/bin/../lib/gcc/mingw32/5.1.0/../../../libmsvcrt.a(dsnos00595.o)
 .idata$4       0x0040609c        0x4 C:/MinGW/bin/../lib/gcc/mingw32/5.1.0/../../../libmsvcrt.a(dsnos00625.o)
 .idata$4       0x004060a0        0x4 C:/MinGW/bin/../lib/gcc/mingw32/5.1.0/../../../libmsvcrt.a(dsnos00633.o)
 .idata$4       0x004060a4        0x4 C:/MinGW/bin/../lib/gcc/mingw32/5.1.0/../../../libmsvcrt.a(dsnos00682.o)
 .idata$4       0x004060a8        0x4 C:/MinGW/bin/../lib/gcc/mingw32/5.1.0/../../../libmsvcrt.a(dsnos00689.o)
 .idata$4       0x004060ac        0x4 C:/MinGW/bin/../lib/gcc/mingw32/5.1.0/../../../libmsvcrt.a(dsnos00692.o)
 .idata$4       0x004060b0        0x4 C:/MinGW/bin/../lib/gcc/mingw32/5.1.0/../../../libmsvcrt.a(dsnos00706.o)
 .idata$4       0x004060b4        0x4 C:/MinGW/bin/../lib/gcc/mingw32/5.1.0/../../../libmsvcrt.a(dsnos00748.o)
 .idata$4       0x004060b8        0x4 C:/MinGW/bin/../lib/gcc/mingw32/5.1.0/../../../libmsvcrt.a(dsnot.o)
                0x004060bc                __IAT_start__ = .
 SORT(*)(.idata$5)
 .idata$5       0x004060bc        0x0 C:/MinGW/bin/../lib/gcc/mingw32/5.1.0/../../../libkernel32.a(dchdh.o)
 .idata$5       0x004060bc        0x4 C:/MinGW/bin/../lib/gcc/mingw32/5.1.0/../../../libkernel32.a(dchds00207.o)
                0x004060bc                _imp__DeleteCriticalSection@4
 .idata$5       0x004060c0        0x4 C:/MinGW/bin/../lib/gcc/mingw32/5.1.0/../../../libkernel32.a(dchds00236.o)
                0x004060c0                _imp__EnterCriticalSection@4
 .idata$5       0x004060c4        0x4 C:/MinGW/bin/../lib/gcc/mingw32/5.1.0/../../../libkernel32.a(dchds00279.o)
                0x004060c4                _imp__ExitProcess@4
 .idata$5       0x004060c8        0x4 C:/MinGW/bin/../lib/gcc/mingw32/5.1.0/../../../libkernel32.a(dchds00510.o)
                0x004060c8                _imp__GetLastError@0
 .idata$5       0x004060cc        0x4 C:/MinGW/bin/../lib/gcc/mingw32/5.1.0/../../../libkernel32.a(dchds00529.o)
                0x004060cc                _imp__GetModuleHandleA@4
 .idata$5       0x004060d0        0x4 C:/MinGW/bin/../lib/gcc/mingw32/5.1.0/../../../libkernel32.a(dchds00577.o)
                0x004060d0                _imp__GetProcAddress@8
 .idata$5       0x004060d4        0x4 C:/MinGW/bin/../lib/gcc/mingw32/5.1.0/../../../libkernel32.a(dchds00734.o)
                0x004060d4                _imp__InitializeCriticalSection@4
 .idata$5       0x004060d8        0x4 C:/MinGW/bin/../lib/gcc/mingw32/5.1.0/../../../libkernel32.a(dchds00814.o)
                0x004060d8                _imp__LeaveCriticalSection@4
 .idata$5       0x004060dc        0x4 C:/MinGW/bin/../lib/gcc/mingw32/5.1.0/../../../libkernel32.a(dchds01140.o)
                0x004060dc                _imp__SetUnhandledExceptionFilter@4
 .idata$5       0x004060e0        0x4 C:/MinGW/bin/../lib/gcc/mingw32/5.1.0/../../../libkernel32.a(dchds01173.o)
                0x004060e0                _imp__TlsGetValue@4
 .idata$5       0x004060e4        0x4 C:/MinGW/bin/../lib/gcc/mingw32/5.1.0/../../../libkernel32.a(dchds01213.o)
                0x004060e4                _imp__VirtualProtect@16
 .idata$5       0x004060e8        0x4 C:/MinGW/bin/../lib/gcc/mingw32/5.1.0/../../../libkernel32.a(dchds01215.o)
                0x004060e8                _imp__VirtualQuery@12
 .idata$5       0x004060ec        0x4 C:/MinGW/bin/../lib/gcc/mingw32/5.1.0/../../../libkernel32.a(dchdt.o)
 .idata$5       0x004060f0        0x0 C:/MinGW/bin/../lib/gcc/mingw32/5.1.0/../../../libmsvcrt.a(dsnoh.o)
 .idata$5       0x004060f0        0x4 C:/MinGW/bin/../lib/gcc/mingw32/5.1.0/../../../libmsvcrt.a(dsnos00055.o)
                0x004060f0                _imp____getmainargs
 .idata$5       0x004060f4        0x4 C:/MinGW/bin/../lib/gcc/mingw32/5.1.0/../../../libmsvcrt.a(dsnos00077.o)
                0x004060f4                _imp____p__environ
 .idata$5       0x004060f8        0x4 C:/MinGW/bin/../lib/gcc/mingw32/5.1.0/../../../libmsvcrt.a(dsnos00079.o)
                0x004060f8                _imp____p__fmode
 .idata$5       0x004060fc        0x4 C:/MinGW/bin/../lib/gcc/mingw32/5.1.0/../../../libmsvcrt.a(dsnos00099.o)
                0x004060fc                _imp____set_app_type
 .idata$5       0x00406100        0x4 C:/MinGW/bin/../lib/gcc/mingw32/5.1.0/../../../libmsvcrt.a(dsnos00147.o)
                0x00406100                _imp___cexit
 .idata$5       0x00406104        0x4 C:/MinGW/bin/../lib/gcc/mingw32/5.1.0/../../../libmsvcrt.a(dsnos00266.o)
                0x00406104                _imp___iob
 .idata$5       0x00406108        0x4 C:/MinGW/bin/../lib/gcc/mingw32/5.1.0/../../../libmsvcrt.a(dsnos00383.o)
                0x00406108                _imp___onexit
 .idata$5       0x0040610c        0x4 C:/MinGW/bin/../lib/gcc/mingw32/5.1.0/../../../libmsvcrt.a(dsnos00426.o)
                0x0040610c                _imp___setmode
 .idata$5       0x00406110        0x4 C:/MinGW/bin/../lib/gcc/mingw32/5.1.0/../../../libmsvcrt.a(dsnos00583.o)
                0x00406110                _imp__abort
 .idata$5       0x00406114        0x4 C:/MinGW/bin/../lib/gcc/mingw32/5.1.0/../../../libmsvcrt.a(dsnos00590.o)
                0x00406114                _imp__atexit
 .idata$5       0x00406118        0x4 C:/MinGW/bin/../lib/gcc/mingw32/5.1.0/../../../libmsvcrt.a(dsnos00595.o)
                0x00406118                _imp__calloc
 .idata$5       0x0040611c        0x4 C:/MinGW/bin/../lib/gcc/mingw32/5.1.0/../../../libmsvcrt.a(dsnos00625.o)
                0x0040611c                _imp__free
 .idata$5       0x00406120        0x4 C:/MinGW/bin/../lib/gcc/mingw32/5.1.0/../../../libmsvcrt.a(dsnos00633.o)
                0x00406120                _imp__fwrite
 .idata$5       0x00406124        0x4 C:/MinGW/bin/../lib/gcc/mingw32/5.1.0/../../../libmsvcrt.a(dsnos00682.o)
                0x00406124                _imp__memcpy
 .idata$5       0x00406128        0x4 C:/MinGW/bin/../lib/gcc/mingw32/5.1.0/../../../libmsvcrt.a(dsnos00689.o)
                0x00406128                _imp__printf
 .idata$5       0x0040612c        0x4 C:/MinGW/bin/../lib/gcc/mingw32/5.1.0/../../../libmsvcrt.a(dsnos00692.o)
                0x0040612c                _imp__puts
 .idata$5       0x00406130        0x4 C:/MinGW/bin/../lib/gcc/mingw32/5.1.0/../../../libmsvcrt.a(dsnos00706.o)
                0x00406130                _imp__signal
 .idata$5       0x00406134        0x4 C:/MinGW/bin/../lib/gcc/mingw32/5.1.0/../../../libmsvcrt.a(dsnos00748.o)
                0x00406134                _imp__vfprintf
 .idata$5       0x00406138        0x4 C:/MinGW/bin/../lib/gcc/mingw32/5.1.0/../../../libmsvcrt.a(dsnot.o)
                0x0040613c                __IAT_end__ = .
 SORT(*)(.idata$6)
 .idata$6       0x0040613c       0x18 C:/MinGW/bin/../lib/gcc/mingw32/5.1.0/../../../libkernel32.a(dchds00207.o)
 .idata$6       0x00406154       0x18 C:/MinGW/bin/../lib/gcc/mingw32/5.1.0/../../../libkernel32.a(dchds00236.o)
 .idata$6       0x0040616c        0xe C:/MinGW/bin/../lib/gcc/mingw32/5.1.0/../../../libkernel32.a(dchds00279.o)
 .idata$6       0x0040617a       0x10 C:/MinGW/bin/../lib/gcc/mingw32/5.1.0/../../../libkernel32.a(dchds00510.o)
 .idata$6       0x0040618a       0x14 C:/MinGW/bin/../lib/gcc/mingw32/5.1.0/../../../libkernel32.a(dchds00529.o)
 .idata$6       0x0040619e       0x12 C:/MinGW/bin/../lib/gcc/mingw32/5.1.0/../../../libkernel32.a(dchds00577.o)
 .idata$6       0x004061b0       0x1c C:/MinGW/bin/../lib/gcc/mingw32/5.1.0/../../../libkernel32.a(dchds00734.o)
 .idata$6       0x004061cc       0x18 C:/MinGW/bin/../lib/gcc/mingw32/5.1.0/../../../libkernel32.a(dchds00814.o)
 .idata$6       0x004061e4       0x1e C:/MinGW/bin/../lib/gcc/mingw32/5.1.0/../../../libkernel32.a(dchds01140.o)
 .idata$6       0x00406202        0xe C:/MinGW/bin/../lib/gcc/mingw32/5.1.0/../../../libkernel32.a(dchds01173.o)
 .idata$6       0x00406210       0x12 C:/MinGW/bin/../lib/gcc/mingw32/5.1.0/../../../libkernel32.a(dchds01213.o)
 .idata$6       0x00406222       0x10 C:/MinGW/bin/../lib/gcc/mingw32/5.1.0/../../../libkernel32.a(dchds01215.o)
 .idata$6       0x00406232       0x10 C:/MinGW/bin/../lib/gcc/mingw32/5.1.0/../../../libmsvcrt.a(dsnos00055.o)
 .idata$6       0x00406242       0x10 C:/MinGW/bin/../lib/gcc/mingw32/5.1.0/../../../libmsvcrt.a(dsnos00077.o)
 .idata$6       0x00406252        0xe C:/MinGW/bin/../lib/gcc/mingw32/5.1.0/../../../libmsvcrt.a(dsnos00079.o)
 .idata$6       0x00406260       0x12 C:/MinGW/bin/../lib/gcc/mingw32/5.1.0/../../../libmsvcrt.a(dsnos00099.o)
 .idata$6       0x00406272        0xa C:/MinGW/bin/../lib/gcc/mingw32/5.1.0/../../../libmsvcrt.a(dsnos00147.o)
 .idata$6       0x0040627c        0x8 C:/MinGW/bin/../lib/gcc/mingw32/5.1.0/../../../libmsvcrt.a(dsnos00266.o)
 .idata$6       0x00406284        0xa C:/MinGW/bin/../lib/gcc/mingw32/5.1.0/../../../libmsvcrt.a(dsnos00383.o)
 .idata$6       0x0040628e        0xc C:/MinGW/bin/../lib/gcc/mingw32/5.1.0/../../../libmsvcrt.a(dsnos00426.o)
 .idata$6       0x0040629a        0x8 C:/MinGW/bin/../lib/gcc/mingw32/5.1.0/../../../libmsvcrt.a(dsnos00583.o)
 .idata$6       0x004062a2        0xa C:/MinGW/bin/../lib/gcc/mingw32/5.1.0/../../../libmsvcrt.a(dsnos00590.o)
 .idata$6       0x004062ac        0xa C:/MinGW/bin/../lib/gcc/mingw32/5.1.0/../../../libmsvcrt.a(dsnos00595.o)
 .idata$6       0x004062b6        0x8 C:/MinGW/bin/../lib/gcc/mingw32/5.1.0/../../../libmsvcrt.a(dsnos00625.o)
 .idata$6       0x004062be        0xa C:/MinGW/bin/../lib/gcc/mingw32/5.1.0/../../../libmsvcrt.a(dsnos00633.o)
 .idata$6       0x004062c8        0xa C:/MinGW/bin/../lib/gcc/mingw32/5.1.0/../../../libmsvcrt.a(dsnos00682.o)
 .idata$6       0x004062d2        0xa C:/MinGW/bin/../lib/gcc/mingw32/5.1.0/../../../libmsvcrt.a(dsnos00689.o)
 .idata$6       0x004062dc        0x8 C:/MinGW/bin/../lib/gcc/mingw32/5.1.0/../../../libmsvcrt.a(dsnos00692.o)
 .idata$6       0x004062e4        0xa C:/MinGW/bin/../lib/gcc/mingw32/5.1.0/../../../libmsvcrt.a(dsnos00706.o)
 .idata$6       0x004062ee        0xc C:/MinGW/bin/../lib/gcc/mingw32/5.1.0/../../../libmsvcrt.a(dsnos00748.o)
 SORT(*)(.idata$7)
 *fill*         0x004062fa        0x2 
 .idata$7       0x004062fc        0x4 C:/MinGW/bin/../lib/gcc/mingw32/5.1.0/../../../libkernel32.a(dchds00207.o)
 .idata$7       0x00406300        0x4 C:/MinGW/bin/../lib/gcc/mingw32/5.1.0/../../../libkernel32.a(dchds00236.o)
 .idata$7       0x00406304        0x4 C:/MinGW/bin/../lib/gcc/mingw32/5.1.0/../../../libkernel32.a(dchds00279.o)
 .idata$7       0x00406308        0x4 C:/MinGW/bin/../lib/gcc/mingw32/5.1.0/../../../libkernel32.a(dchds00510.o)
 .idata$7       0x0040630c        0x4 C:/MinGW/bin/../lib/gcc/mingw32/5.1.0/../../../libkernel32.a(dchds00529.o)
 .idata$7       0x00406310        0x4 C:/MinGW/bin/../lib/gcc/mingw32/5.1.0/../../../libkernel32.a(dchds00577.o)
 .idata$7       0x00406314        0x4 C:/MinGW/bin/../lib/gcc/mingw32/5.1.0/../../../libkernel32.a(dchds00734.o)
 .idata$7       0x00406318        0x4 C:/MinGW/bin/../lib/gcc/mingw32/5.1.0/../../../libkernel32.a(dchds00814.o)
 .idata$7       0x0040631c        0x4 C:/MinGW/bin/../lib/gcc/mingw32/5.1.0/../../../libkernel32.a(dchds01140.o)
 .idata$7       0x00406320        0x4 C:/MinGW/bin/../lib/gcc/mingw32/5.1.0/../../../libkernel32.a(dchds01173.o)
 .idata$7       0x00406324        0x4 C:/MinGW/bin/../lib/gcc/mingw32/5.1.0/../../../libkernel32.a(dchds01213.o)
 .idata$7       0x00406328        0x4 C:/MinGW/bin/../lib/gcc/mingw32/5.1.0/../../../libkernel32.a(dchds01215.o)
 .idata$7       0x0040632c       0x10 C:/MinGW/bin/../lib/gcc/mingw32/5.1.0/../../../libkernel32.a(dchdt.o)
                0x0040632c                _libkernel32_a_iname
 .idata$7       0x0040633c        0x4 C:/MinGW/bin/../lib/gcc/mingw32/5.1.0/../../../libmsvcrt.a(dsnos00055.o)
 .idata$7       0x00406340        0x4 C:/MinGW/bin/../lib/gcc/mingw32/5.1.0/../../../libmsvcrt.a(dsnos00077.o)
 .idata$7       0x00406344        0x4 C:/MinGW/bin/../lib/gcc/mingw32/5.1.0/../../../libmsvcrt.a(dsnos00079.o)
 .idata$7       0x00406348        0x4 C:/MinGW/bin/../lib/gcc/mingw32/5.1.0/../../../libmsvcrt.a(dsnos00099.o)
 .idata$7       0x0040634c        0x4 C:/MinGW/bin/../lib/gcc/mingw32/5.1.0/../../../libmsvcrt.a(dsnos00147.o)
 .idata$7       0x00406350        0x4 C:/MinGW/bin/../lib/gcc/mingw32/5.1.0/../../../libmsvcrt.a(dsnos00266.o)
 .idata$7       0x00406354        0x4 C:/MinGW/bin/../lib/gcc/mingw32/5.1.0/../../../libmsvcrt.a(dsnos00383.o)
 .idata$7       0x00406358        0x4 C:/MinGW/bin/../lib/gcc/mingw32/5.1.0/../../../libmsvcrt.a(dsnos00426.o)
 .idata$7       0x0040635c        0x4 C:/MinGW/bin/../lib/gcc/mingw32/5.1.0/../../../libmsvcrt.a(dsnos00583.o)
 .idata$7       0x00406360        0x4 C:/MinGW/bin/../lib/gcc/mingw32/5.1.0/../../../libmsvcrt.a(dsnos00590.o)
 .idata$7       0x00406364        0x4 C:/MinGW/bin/../lib/gcc/mingw32/5.1.0/../../../libmsvcrt.a(dsnos00595.o)
 .idata$7       0x00406368        0x4 C:/MinGW/bin/../lib/gcc/mingw32/5.1.0/../../../libmsvcrt.a(dsnos00625.o)
 .idata$7       0x0040636c        0x4 C:/MinGW/bin/../lib/gcc/mingw32/5.1.0/../../../libmsvcrt.a(dsnos00633.o)
 .idata$7       0x00406370        0x4 C:/MinGW/bin/../lib/gcc/mingw32/5.1.0/../../../libmsvcrt.a(dsnos00682.o)
 .idata$7       0x00406374        0x4 C:/MinGW/bin/../lib/gcc/mingw32/5.1.0/../../../libmsvcrt.a(dsnos00689.o)
 .idata$7       0x00406378        0x4 C:/MinGW/bin/../lib/gcc/mingw32/5.1.0/../../../libmsvcrt.a(dsnos00692.o)
 .idata$7       0x0040637c        0x4 C:/MinGW/bin/../lib/gcc/mingw32/5.1.0/../../../libmsvcrt.a(dsnos00706.o)
 .idata$7       0x00406380        0x4 C:/MinGW/bin/../lib/gcc/mingw32/5.1.0/../../../libmsvcrt.a(dsnos00748.o)
 .idata$7       0x00406384        0xc C:/MinGW/bin/../lib/gcc/mingw32/5.1.0/../../../libmsvcrt.a(dsnot.o)
                0x00406384                _libmsvcrt_a_iname

.CRT            0x00407000      0x200
                0x00407000                ___crt_xc_start__ = .
 *(SORT(.CRT$XC*))
                0x00407000                ___crt_xc_end__ = .
                0x00407000                ___crt_xi_start__ = .
 *(SORT(.CRT$XI*))
                0x00407000                ___crt_xi_end__ = .
                0x00407000                ___crt_xl_start__ = .
 *(SORT(.CRT$XL*))
 .CRT$XLA       0x00407000        0x4 C:/MinGW/bin/../lib/gcc/mingw32/5.1.0/../../../libmingw32.a(tlssup.o)
                0x00407000                __xl_a
 .CRT$XLC       0x00407004        0x4 C:/MinGW/bin/../lib/gcc/mingw32/5.1.0/../../../libmingw32.a(tlssup.o)
                0x00407004                __xl_c
 .CRT$XLD       0x00407008        0x4 C:/MinGW/bin/../lib/gcc/mingw32/5.1.0/../../../libmingw32.a(tlssup.o)
                0x00407008                __xl_d
 .CRT$XLZ       0x0040700c        0x4 C:/MinGW/bin/../lib/gcc/mingw32/5.1.0/../../../libmingw32.a(tlssup.o)
                0x0040700c                __xl_z
                0x00407010                ___crt_xp_start__ = .
 *(SORT(.CRT$XP*))
                0x00407010                ___crt_xp_end__ = .
                0x00407010                ___crt_xt_start__ = .
 *(SORT(.CRT$XT*))
                0x00407010                ___crt_xt_end__ = .
 .CRT$XDA       0x00407010        0x4 C:/MinGW/bin/../lib/gcc/mingw32/5.1.0/../../../libmingw32.a(tlssup.o)
 .CRT$XDZ       0x00407014        0x4 C:/MinGW/bin/../lib/gcc/mingw32/5.1.0/../../../libmingw32.a(tlssup.o)

.tls            0x00408000      0x200
                0x00408000                ___tls_start__ = .
 *(.tls$AAA)
 .tls$AAA       0x00408000        0x4 C:/MinGW/bin/../lib/gcc/mingw32/5.1.0/../../../libmingw32.a(tlssup.o)
                0x00408000                _tls_start
 *(.tls)
 .tls           0x00408004       0x18 C:/MinGW/bin/../lib/gcc/mingw32/5.1.0/../../../libmingw32.a(tlssup.o)
                0x00408004                _tls_used
 *(.tls$)
 *(SORT(.tls$*))
 .tls$ZZZ       0x0040801c        0x4 C:/MinGW/bin/../lib/gcc/mingw32/5.1.0/../../../libmingw32.a(tlssup.o)
                0x0040801c                _tls_end
 *(.tls$ZZZ)
                0x00408020                ___tls_end__ = .

.endjunk        0x00409000        0x0
                0x00409000                PROVIDE (end, .)
                0x00409000                PROVIDE (_end, .)
                0x00409000                __end__ = .

.rsrc
 *(.rsrc)
 *(SORT(.rsrc$*))

.reloc
 *(.reloc)

.stab
 *(.stab)

.stabstr
 *(.stabstr)

.debug_aranges  0x00409000      0x200
 *(.debug_aranges)
 .debug_aranges
                0x00409000       0x18 C:/MinGW/bin/../lib/gcc/mingw32/5.1.0/libgcc.a(_ctors.o)

.zdebug_aranges
 *(.zdebug_aranges)

.debug_pubnames
 *(.debug_pubnames)

.zdebug_pubnames
 *(.zdebug_pubnames)

.debug_pubtypes
 *(.debug_pubtypes)

.zdebug_pubtypes
 *(.zdebug_pubtypes)

.debug_info     0x0040a000      0xe00
 *(.debug_info .gnu.linkonce.wi.*)
 .debug_info    0x0040a000      0xdc5 C:/MinGW/bin/../lib/gcc/mingw32/5.1.0/libgcc.a(_ctors.o)

.zdebug_info
 *(.zdebug_info .zdebug.gnu.linkonce.wi.*)

.debug_abbrev   0x0040b000      0x200
 *(.debug_abbrev)
 .debug_abbrev  0x0040b000       0xa9 C:/MinGW/bin/../lib/gcc/mingw32/5.1.0/libgcc.a(_ctors.o)

.zdebug_abbrev
 *(.zdebug_abbrev)

.debug_line     0x0040c000      0x200
 *(.debug_line)
 .debug_line    0x0040c000       0xd1 C:/MinGW/bin/../lib/gcc/mingw32/5.1.0/libgcc.a(_ctors.o)

.zdebug_line
 *(.zdebug_line)

.debug_frame
 *(.debug_frame*)

.zdebug_frame
 *(.zdebug_frame*)

.debug_str      0x0040d000        0x0
 *(.debug_str)
 .debug_str     0x0040d000        0x0 C:/MinGW/bin/../lib/gcc/mingw32/5.1.0/libgcc.a(_ctors.o)

.zdebug_str
 *(.zdebug_str)

.debug_loc
 *(.debug_loc)

.zdebug_loc
 *(.zdebug_loc)

.debug_macinfo
 *(.debug_macinfo)

.zdebug_macinfo
 *(.zdebug_macinfo)

.debug_weaknames
 *(.debug_weaknames)

.zdebug_weaknames
 *(.zdebug_weaknames)

.debug_funcnames
 *(.debug_funcnames)

.zdebug_funcnames
 *(.zdebug_funcnames)

.debug_typenames
 *(.debug_typenames)

.zdebug_typenames
 *(.zdebug_typenames)

.debug_varnames
 *(.debug_varnames)

.zdebug_varnames
 *(.zdebug_varnames)

.debug_macro
 *(.debug_macro)

.zdebug_macro
 *(.zdebug_macro)

.debug_ranges
 *(.debug_ranges)

.zdebug_ranges
 *(.zdebug_ranges)

.debug_types
 *(.debug_types .gnu.linkonce.wt.*)

.zdebug_types
 *(.zdebug_types .gnu.linkonce.wt.*)
OUTPUT(sum.exe pei-i386)
